// Jest Snapshot v1, https://goo.gl/fbAQLP

exports[`<Store /> should render 1`] = `
<App>
  <Store
    middlewares={Array []}
    reducer={[Function]}
  >
    <AppContent>
      <div>
        0
      </div>
    </AppContent>
  </Store>
</App>
`;
